[sylvainboutoille.fr/index.html]
[backblue.gif]
[fade.gif]
[index.html]
[sylvainboutoille.fr/index-2.html]
[sylvainboutoille.fr/sylvainboutoille_op.jpg]
[cdnjs.cloudflare.com/ajax/libs/normalize/8.0.1/normalize.min.css]
[unpkg.com/aos@3.0.0-beta.6/dist/aos.css]
[sylvainboutoille.fr/css/base.css]
[app.papercups.io/widget.js]
[sylvainboutoille.fr/img/logo.svg]
[sylvainboutoille.fr/flexy.mp3]
[sylvainboutoille.fr/begital.mp3]
[sylvainboutoille.fr/art.mp3]
[sylvainboutoille.fr/flexy.html]
[sylvainboutoille.fr/begital.html]
[sylvainboutoille.fr/art.html]
[ajax.googleapis.com/ajax/libs/jquery/1.11.0/jquery.min.js]
[cdnjs.cloudflare.com/ajax/libs/gsap/2.0.1/TweenMax.min.js]
[cdnjs.cloudflare.com/ajax/libs/vanilla-tilt/1.7.0/vanilla-tilt.min.js]
[sylvainboutoille.fr/js/main.js]
[sylvainboutoille.fr/index.html]
[sylvainboutoille.fr/index-2.html]
[sylvainboutoille.fr/sylvainboutoille_op.html]
[cdnjs.cloudflare.com/ajax/libs/normalize/8.0.1/normalize.min.css]
[unpkg.com/aos@3.0.0-beta.6/dist/aos.css]
[sylvainboutoille.fr/css/Herbert-regular.ttf]
[sylvainboutoille.fr/img/begital_cover.jpg]
[sylvainboutoille.fr/img/ipad.svg]
[sylvainboutoille.fr/img/hair.jpg]
[sylvainboutoille.fr/img/begital.jpg]
[sylvainboutoille.fr/img/art.jpg]
[sylvainboutoille.fr/img/1.svg]
[sylvainboutoille.fr/img/2.svg]
[sylvainboutoille.fr/css/base.css]
[sylvainboutoille.fr/img/logo.svg]
[sylvainboutoille.fr/img/flexy-vid.mp4]
[sylvainboutoille.fr/img/flexy_logo.svg]
[sylvainboutoille.fr/img/projet.svg]
[sylvainboutoille.fr/img/appstore.svg]
[sylvainboutoille.fr/img/ipad.mp4]
[sylvainboutoille.fr/img/system.png]
[sylvainboutoille.fr/img/color.svg]
[sylvainboutoille.fr/img/typo.svg]
[sylvainboutoille.fr/img/rule.svg]
[sylvainboutoille.fr/img/composant.svg]
[sylvainboutoille.fr/img/b2c-app.png]
[sylvainboutoille.fr/js/locomotive-scroll.min.js]
[sylvainboutoille.fr/flexy.html]
[sylvainboutoille.fr/index.amp]
[sylvainboutoille.fr/img/begital_4.jpg]
[sylvainboutoille.fr/img/begital_logo.png]
[sylvainboutoille.fr/img/begital_2.jpg]
[sylvainboutoille.fr/img/02_SylvainBoutoille_portfolio_2027--low.pdf]
[sylvainboutoille.fr/img/cover-book.png]
[sylvainboutoille.fr/begital.html]
[sylvainboutoille.fr/img/art-1.jpg]
[sylvainboutoille.fr/img/art-min.jpg]
[sylvainboutoille.fr/img/art-3.jpg]
[cdnjs.cloudflare.com/ajax/libs/jquery.imagesloaded/4.1.4/imagesloaded.pkgd.min.js]
[cdnjs.cloudflare.com/ajax/libs/three.js/r120/three.js]
[cdnjs.cloudflare.com/ajax/libs/gsap/3.5.1/gsap.min.js]
[sylvainboutoille.fr/js/CSSPlugin.min.js]
[cdnjs.cloudflare.com/ajax/libs/gsap/3.5.1/EasePack.min.js]
[sylvainboutoille.fr/js/GridToFullscreenEffect.js]
[sylvainboutoille.fr/js/grid.js]
[sylvainboutoille.fr/art.html]
[sylvainboutoille.fr/img/ipad.svg]
[sylvainboutoille.fr/img/1.svg]
[sylvainboutoille.fr/img/2.svg]
[sylvainboutoille.fr/img/flexy_logo.svg]
[sylvainboutoille.fr/img/projet.svg]
[sylvainboutoille.fr/img/appstore.svg]
[sylvainboutoille.fr/img/color.svg]
[sylvainboutoille.fr/img/typo.svg]
[sylvainboutoille.fr/img/rule.svg]
[sylvainboutoille.fr/img/composant.svg]
[sylvainboutoille.fr/index-3.html]
